C:\projects\brdk_OPCUA_Python\Client\AsClientTest\Logical\Global.typ
C:\projects\brdk_OPCUA_Python\Client\AsClientTest\Logical\Global.var
C:\projects\brdk_OPCUA_Python\Client\AsClientTest\Logical\Libraries\operator\operator.fun
C:\projects\brdk_OPCUA_Python\Client\AsClientTest\Logical\Libraries\operator\operator.typ
C:\projects\brdk_OPCUA_Python\Client\AsClientTest\Logical\Libraries\operator\operator.var
C:\projects\brdk_OPCUA_Python\Client\AsClientTest\Logical\Libraries\runtime\runtime.fun
C:\projects\brdk_OPCUA_Python\Client\AsClientTest\Logical\Libraries\runtime\runtime.typ
C:\projects\brdk_OPCUA_Python\Client\AsClientTest\Logical\Libraries\runtime\runtime.var
C:\projects\brdk_OPCUA_Python\Client\AsClientTest\Logical\Libraries\astime\astime.fun
C:\projects\brdk_OPCUA_Python\Client\AsClientTest\Logical\Libraries\astime\astime.typ
C:\projects\brdk_OPCUA_Python\Client\AsClientTest\Logical\Libraries\astime\astime.var
C:\projects\brdk_OPCUA_Python\Client\AsClientTest\Logical\Libraries\AsIecCon\AsIecCon.fun
C:\projects\brdk_OPCUA_Python\Client\AsClientTest\Logical\Libraries\AsIecCon\AsIecCon.typ
C:\projects\brdk_OPCUA_Python\Client\AsClientTest\Logical\Libraries\AsIecCon\AsIecCon.var
C:\projects\brdk_OPCUA_Python\Client\AsClientTest\Logical\Libraries\EasyUaClnt\Types.typ
C:\projects\brdk_OPCUA_Python\Client\AsClientTest\Logical\Libraries\EasyUaClnt\Constants.var
C:\projects\brdk_OPCUA_Python\Client\AsClientTest\Logical\Libraries\EasyUaClnt\EasyUaClnt.fun
C:\projects\brdk_OPCUA_Python\Client\AsClientTest\Logical\Libraries\AsOpcUac\AsOpcUac.fun
C:\projects\brdk_OPCUA_Python\Client\AsClientTest\Logical\Libraries\AsOpcUac\AsOpcUac.typ
C:\projects\brdk_OPCUA_Python\Client\AsClientTest\Logical\Libraries\AsOpcUac\AsOpcUac.var
C:\projects\brdk_OPCUA_Python\Client\AsClientTest\Logical\Libraries\standard\standard.fun
C:\projects\brdk_OPCUA_Python\Client\AsClientTest\Logical\Libraries\standard\standard.typ
C:\projects\brdk_OPCUA_Python\Client\AsClientTest\Logical\Libraries\standard\standard.var
C:\projects\brdk_OPCUA_Python\Client\AsClientTest\Logical\Libraries\AsBrStr\AsBrStr.fun
C:\projects\brdk_OPCUA_Python\Client\AsClientTest\Logical\Libraries\AsBrStr\AsBrStr.typ
C:\projects\brdk_OPCUA_Python\Client\AsClientTest\Logical\Libraries\AsBrStr\AsBrStr.var
